---
source: tuprs/tests/parsedir.rs
expression: strings
---
[
  "ResolvedLink { primary_sources: [], secondary_sources: [GroupEntry(Descriptor(./<output2>), Descriptor(./a/out2.txt))], rule_formula_desc: Descriptor(?[TupLoc { tup_path_desc: Descriptor(./a/Tupfile), loc: Loc { line: 3, col: 1, span: 45 } }]? RuleFormula { description: [], formula: [Literal(\"touch\"), Sp1, Literal(\"out7.txt\"), Sp1] }), primary_targets: [Descriptor(./a/out7.txt)], secondary_targets: [], excluded_targets: [], group: None, bin: Some(Descriptor(./a/{o7} )), tup_loc: TupLoc { tup_path_desc: Descriptor(./a/Tupfile), loc: Loc { line: 3, col: 1, span: 45 } }, env: EnvList { env: Ignored }, search_dirs: [], tupfiles_read: [] }",
  "ResolvedLink { primary_sources: [Deglob(MatchingPath { path_descriptor: Descriptor(./a/in0.txt), glob_descriptor: None, captured_globs: [], parent_descriptor: Descriptor(./a) })], secondary_sources: [], rule_formula_desc: Descriptor(?[TupLoc { tup_path_desc: Descriptor(./a/Tupfile), loc: Loc { line: 6, col: 1, span: 55 } }]? RuleFormula { description: [], formula: [Literal(\"cp\"), Sp1, Literal(\"in0.txt\"), Sp1, Literal(\"out2.txt\"), Sp1] }), primary_targets: [Descriptor(./a/out2.txt)], secondary_targets: [], excluded_targets: [Descriptor(./a/^.*FltMgrMsg)], group: Some(Descriptor(./<output2>)), bin: None, tup_loc: TupLoc { tup_path_desc: Descriptor(./a/Tupfile), loc: Loc { line: 6, col: 1, span: 55 } }, env: EnvList { env: Ignored }, search_dirs: [], tupfiles_read: [] }",
  "ResolvedLink { primary_sources: [Deglob(MatchingPath { path_descriptor: Descriptor(./a/out1.txt), glob_descriptor: Some(Descriptor(./a/out[12].txt)), captured_globs: [\"1\"], parent_descriptor: Descriptor(./a) })], secondary_sources: [], rule_formula_desc: Descriptor(?[TupLoc { tup_path_desc: Descriptor(./a/Tupfile), loc: Loc { line: 8, col: 1, span: 39 } }]? RuleFormula { description: [], formula: [Literal(\"cp\"), Sp1, Literal(\"out1.txt\"), Sp1, Literal(\"out13.txt\"), Sp1] }), primary_targets: [Descriptor(./a/out13.txt)], secondary_targets: [], excluded_targets: [], group: None, bin: None, tup_loc: TupLoc { tup_path_desc: Descriptor(./a/Tupfile), loc: Loc { line: 8, col: 1, span: 39 } }, env: EnvList { env: Ignored }, search_dirs: [], tupfiles_read: [] }",
  "ResolvedLink { primary_sources: [Deglob(MatchingPath { path_descriptor: Descriptor(./a/out1.txt), glob_descriptor: Some(Descriptor(./a/out[1].txt)), captured_globs: [\"1\"], parent_descriptor: Descriptor(./a) })], secondary_sources: [], rule_formula_desc: Descriptor(?[TupLoc { tup_path_desc: Descriptor(./a/Tupfile), loc: Loc { line: 14, col: 1, span: 42 } }]? RuleFormula { description: [], formula: [Literal(\"cp\"), Sp1, Literal(\"out1.txt\"), Sp1, Literal(\"new_1.txt\"), Sp1] }), primary_targets: [Descriptor(./a/new_1.txt)], secondary_targets: [], excluded_targets: [], group: None, bin: None, tup_loc: TupLoc { tup_path_desc: Descriptor(./a/Tupfile), loc: Loc { line: 14, col: 1, span: 42 } }, env: EnvList { env: Ignored }, search_dirs: [], tupfiles_read: [] }",
  "ResolvedLink { primary_sources: [Deglob(MatchingPath { path_descriptor: Descriptor(./a/out2.txt), glob_descriptor: None, captured_globs: [], parent_descriptor: Descriptor(./a) })], secondary_sources: [], rule_formula_desc: Descriptor(?[TupLoc { tup_path_desc: Descriptor(./a/Tupfile), loc: Loc { line: 10, col: 1, span: 61 } }]? RuleFormula { description: [], formula: [Literal(\"cp\"), Sp1, Literal(\"out2.txt\"), Sp1, Literal(\"outout2.txt\"), Sp1] }), primary_targets: [Descriptor(./a/outout2.txt)], secondary_targets: [], excluded_targets: [Descriptor(./a/^.*FltMgrMsg)], group: None, bin: None, tup_loc: TupLoc { tup_path_desc: Descriptor(./a/Tupfile), loc: Loc { line: 10, col: 1, span: 61 } }, env: EnvList { env: Ignored }, search_dirs: [], tupfiles_read: [] }",
  "ResolvedLink { primary_sources: [Deglob(MatchingPath { path_descriptor: Descriptor(./a/out2.txt), glob_descriptor: Some(Descriptor(./a/out[12].txt)), captured_globs: [\"2\"], parent_descriptor: Descriptor(./a) })], secondary_sources: [], rule_formula_desc: Descriptor(?[TupLoc { tup_path_desc: Descriptor(./a/Tupfile), loc: Loc { line: 8, col: 1, span: 39 } }]? RuleFormula { description: [], formula: [Literal(\"cp\"), Sp1, Literal(\"out2.txt\"), Sp1, Literal(\"out23.txt\"), Sp1] }), primary_targets: [Descriptor(./a/out23.txt)], secondary_targets: [], excluded_targets: [], group: None, bin: None, tup_loc: TupLoc { tup_path_desc: Descriptor(./a/Tupfile), loc: Loc { line: 8, col: 1, span: 39 } }, env: EnvList { env: Ignored }, search_dirs: [], tupfiles_read: [] }",
  "ResolvedLink { primary_sources: [Deglob(MatchingPath { path_descriptor: Descriptor(./a/patches.txt), glob_descriptor: None, captured_globs: [], parent_descriptor: Descriptor(./a) })], secondary_sources: [], rule_formula_desc: Descriptor(?[TupLoc { tup_path_desc: Descriptor(./a/Tupfile), loc: Loc { line: 1, col: 1, span: 41 } }]? RuleFormula { description: [], formula: [Literal(\"echo\"), Sp1, Literal(\"patches.txt\"), Sp1, Literal(\">\"), Sp1, Literal(\"outpatches.txt.txt\"), Sp1] }), primary_targets: [Descriptor(./a/outpatches.txt.txt)], secondary_targets: [], excluded_targets: [], group: None, bin: None, tup_loc: TupLoc { tup_path_desc: Descriptor(./a/Tupfile), loc: Loc { line: 1, col: 1, span: 41 } }, env: EnvList { env: Ignored }, search_dirs: [], tupfiles_read: [] }",
  "ResolvedLink { primary_sources: [Deglob(MatchingPath { path_descriptor: Descriptor(./b/in1.txt), glob_descriptor: None, captured_globs: [], parent_descriptor: Descriptor(./b) })], secondary_sources: [], rule_formula_desc: Descriptor(?[TupLoc { tup_path_desc: Descriptor(./b/Tupfile), loc: Loc { line: 5, col: 1, span: 74 } }]? RuleFormula { description: [], formula: [Literal(\"cat\"), Sp1, Literal(\"in1.txt\"), Sp1, Literal(\"&\"), Sp1, Literal(\"cp\"), Sp1, Literal(\"in1.txt\"), Sp1, Literal(\"out0.txt\"), Sp1] }), primary_targets: [Descriptor(./b/out0.txt)], secondary_targets: [], excluded_targets: [Descriptor(./b/^.*FltMgrMsg)], group: Some(Descriptor(./<output0>)), bin: Some(Descriptor(./b/{out} )), tup_loc: TupLoc { tup_path_desc: Descriptor(./b/Tupfile), loc: Loc { line: 5, col: 1, span: 74 } }, env: EnvList { env: Ignored }, search_dirs: [], tupfiles_read: [] }",
  "ResolvedLink { primary_sources: [Deglob(MatchingPath { path_descriptor: Descriptor(./b/in1.txt), glob_descriptor: Some(Descriptor(./b/in*.txt)), captured_globs: [\"1\"], parent_descriptor: Descriptor(./b) })], secondary_sources: [], rule_formula_desc: Descriptor(?[TupLoc { tup_path_desc: Descriptor(./b/Tupfile), loc: Loc { line: 4, col: 1, span: 47 } }]? RuleFormula { description: [], formula: [Literal(\"echo\"), Sp1, Literal(\"in1.txt\"), Sp1, Literal(\">\"), Sp1, Literal(\"outecho.txt\"), Sp1] }), primary_targets: [Descriptor(./b/outecho.txt)], secondary_targets: [], excluded_targets: [], group: None, bin: Some(Descriptor(./b/{out} )), tup_loc: TupLoc { tup_path_desc: Descriptor(./b/Tupfile), loc: Loc { line: 4, col: 1, span: 47 } }, env: EnvList { env: Ignored }, search_dirs: [], tupfiles_read: [] }",
  "ResolvedLink { primary_sources: [Deglob(MatchingPath { path_descriptor: Descriptor(./b/b1/ib1.txt), glob_descriptor: Some(Descriptor(./b/**/ib*.txt)), captured_globs: [\"/b1/\", \"1\"], parent_descriptor: Descriptor(./b) })], secondary_sources: [], rule_formula_desc: Descriptor(?[TupLoc { tup_path_desc: Descriptor(./b/Tupfile), loc: Loc { line: 8, col: 1, span: 49 } }]? RuleFormula { description: [], formula: [Literal(\"cp\"), Sp1, Literal(\"b1/ib1.txt\"), Sp1, Literal(\"out/b1/o1.txt\"), Sp1] }), primary_targets: [Descriptor(./b/out/b1/o1.txt)], secondary_targets: [], excluded_targets: [], group: None, bin: None, tup_loc: TupLoc { tup_path_desc: Descriptor(./b/Tupfile), loc: Loc { line: 8, col: 1, span: 49 } }, env: EnvList { env: Ignored }, search_dirs: [], tupfiles_read: [] }",
  "ResolvedLink { primary_sources: [Deglob(MatchingPath { path_descriptor: Descriptor(./b/b2/ib2.txt), glob_descriptor: Some(Descriptor(./b/**/ib*.txt)), captured_globs: [\"/b2/\", \"2\"], parent_descriptor: Descriptor(./b) })], secondary_sources: [], rule_formula_desc: Descriptor(?[TupLoc { tup_path_desc: Descriptor(./b/Tupfile), loc: Loc { line: 8, col: 1, span: 49 } }]? RuleFormula { description: [], formula: [Literal(\"cp\"), Sp1, Literal(\"b2/ib2.txt\"), Sp1, Literal(\"out/b2/o2.txt\"), Sp1] }), primary_targets: [Descriptor(./b/out/b2/o2.txt)], secondary_targets: [], excluded_targets: [], group: None, bin: None, tup_loc: TupLoc { tup_path_desc: Descriptor(./b/Tupfile), loc: Loc { line: 8, col: 1, span: 49 } }, env: EnvList { env: Ignored }, search_dirs: [], tupfiles_read: [] }",
  "ResolvedLink { primary_sources: [GroupEntry(Descriptor(./<output0>), Descriptor(./b/out0.txt))], secondary_sources: [], rule_formula_desc: Descriptor(?[TupLoc { tup_path_desc: Descriptor(./a/Tupfile), loc: Loc { line: 2, col: 1, span: 60 } }]? RuleFormula { description: [], formula: [Literal(\"cp\"), Sp1, Literal(\"%<output0>\"), Sp1, Literal(\"out1.txt\"), Sp1] }), primary_targets: [Descriptor(./a/out1.txt)], secondary_targets: [], excluded_targets: [Descriptor(./a/^.*FltMgrMsg)], group: None, bin: None, tup_loc: TupLoc { tup_path_desc: Descriptor(./a/Tupfile), loc: Loc { line: 2, col: 1, span: 60 } }, env: EnvList { env: Ignored }, search_dirs: [], tupfiles_read: [] }",
  "ResolvedLink { primary_sources: [GroupEntry(Descriptor(./<output2>), Descriptor(./a/out2.txt))], secondary_sources: [], rule_formula_desc: Descriptor(?[TupLoc { tup_path_desc: Descriptor(./b/Tupfile), loc: Loc { line: 6, col: 1, span: 73 } }]? RuleFormula { description: [Literal(\" CP to out3.txt\")], formula: [Literal(\"cp\"), Sp1, Literal(\"%<output2>\"), Sp1, Literal(\"out3.txt\"), Sp1] }), primary_targets: [Descriptor(./b/out3.txt)], secondary_targets: [], excluded_targets: [Descriptor(./b/^.*FltMgrMsg)], group: None, bin: None, tup_loc: TupLoc { tup_path_desc: Descriptor(./b/Tupfile), loc: Loc { line: 6, col: 1, span: 73 } }, env: EnvList { env: Ignored }, search_dirs: [], tupfiles_read: [] }",
  "ResolvedLink { primary_sources: [BinEntry(Descriptor(./a/{o7} ), Descriptor(./a/out7.txt))], secondary_sources: [], rule_formula_desc: Descriptor(?[TupLoc { tup_path_desc: Descriptor(./a/Tupfile), loc: Loc { line: 10, col: 1, span: 61 } }]? RuleFormula { description: [], formula: [Literal(\"cp\"), Sp1, Literal(\"out7.txt out7.txt\"), Sp1, Literal(\"outout7.txt\"), Sp1] }), primary_targets: [Descriptor(./a/outout7.txt)], secondary_targets: [], excluded_targets: [Descriptor(./a/^.*FltMgrMsg)], group: None, bin: None, tup_loc: TupLoc { tup_path_desc: Descriptor(./a/Tupfile), loc: Loc { line: 10, col: 1, span: 61 } }, env: EnvList { env: Ignored }, search_dirs: [], tupfiles_read: [] }",
  "ResolvedLink { primary_sources: [BinEntry(Descriptor(./b/{out} ), Descriptor(./b/out0.txt)), BinEntry(Descriptor(./b/{out} ), Descriptor(./b/outecho.txt))], secondary_sources: [], rule_formula_desc: Descriptor(?[TupLoc { tup_path_desc: Descriptor(./b/Tupfile), loc: Loc { line: 7, col: 1, span: 34 } }]? RuleFormula { description: [Literal(\" echo \")], formula: [Literal(\"echo\"), Sp1, Literal(\"\"), Sp1] }), primary_targets: [], secondary_targets: [], excluded_targets: [], group: None, bin: None, tup_loc: TupLoc { tup_path_desc: Descriptor(./b/Tupfile), loc: Loc { line: 7, col: 1, span: 34 } }, env: EnvList { env: Ignored }, search_dirs: [], tupfiles_read: [] }"
]
