---
source: tuprs/tests/parsedir.rs
expression: strings
---
[
  "define enable_warnings",
  "$(eval CXX_FLAGS := $(subst -W3,-W4 -wd4100 -wd4324 -wd4127 -wd4244 -wd4505,$(CXX_FLAGS)));\r",
  "",
  "endef",
  "CXX_FLAGS = -std=c++11 -Wall -Wextra -Wpedantic -Werror -W3 -Wno-unused-parameter",
  "$(call enable_warnings, )",
  "$(info CXX_FLAGS is $(CXX_FLAGS))"
]
